// Jest Snapshot v1, https://goo.gl/fbAQLP

exports[`renders the ExperiencePanel correctly 1`] = `
<div
  className="absolute m-0 p-0 w-full transition-opacity duration-700 ease-in-out top-0 pt-2.5 visible relative opacity-100 activated"
>
  <h2
    className="m-0"
  >
    <span
      className="text-xl font-bold text-black"
    >
      Head Mouser
    </span>
    <span
      className="text-xl font-bold text-black"
    >
       @ 
      Dummy 1
    </span>
  </h2>
  <p
    className="mt-1 mb-4 text-black"
  >
    2020/09 - 2022/10
  </p>
  <div
    className="pb-4"
  >
    My first dummy job
  </div>
  <ul
    className="m-0 list-none p-0"
  >
    <li
      className="
                    relative mt-4 pl-8 pb-2.5 before:absolute
                    before:left-0 before:text-black before:content-["→"]
                  "
      dangerouslySetInnerHTML={
        {
          "__html": "highlight 1",
        }
      }
    />
    <li
      className="
                    relative mt-4 pl-8 pb-2.5 before:absolute
                    before:left-0 before:text-black before:content-["→"]
                  "
      dangerouslySetInnerHTML={
        {
          "__html": "highlight 2",
        }
      }
    />
  </ul>
</div>
`;
