// Jest Snapshot v1, https://goo.gl/fbAQLP

exports[`renders the ThemeToggle correctly 1`] = `
<button
  className="hover group flex justify-center"
  onClick={[Function]}
>
  <div
    className="mr-2 h-4 w-4"
  />
  <span
    className="group-hover:underline"
  />
</button>
`;
