// Jest Snapshot v1, https://goo.gl/fbAQLP

exports[`ThemeProvider correctly renders its children 1`] = `
<div>
  <p>
    Hello There
  </p>
</div>
`;
