// Jest Snapshot v1, https://goo.gl/fbAQLP

exports[`BookshelfSection renders correctly 1`] = `
<div>
  <div
    class="flex w-full flex-row justify-center pt-12 pb-20 pt-20 bg-brown dark:bg-darkgrey text-black dark:text-softwhite"
  >
    <section
      class="mx-auto flex w-9/12 flex-col justify-start"
    >
      <h1
        class="mb-16 text-center text-2xl font-bold sm:text-3xl"
      >
        Books I'm Involved With
      </h1>
      <div
        class="rounded-xl p-3.5"
      >
        <div
          class="max-h-[600px] overflow-y-scroll pr-2"
        >
          <table
            class="w-full"
          >
            <thead
              class="sticky top-0 bg-brown dark:bg-darkgrey"
            >
              <tr>
                <th
                  class="pb-2.5 text-left text-sm"
                >
                  Book
                </th>
                <th
                  class="w-24 pb-2.5 text-left text-sm max-smaller:hidden"
                >
                  Genre
                </th>
                <th
                  class="pb-2.5 text-center text-sm"
                >
                  Status
                </th>
              </tr>
            </thead>
            <tbody>
              <tr
                class="[&>td]:pt-10 [&>td]:first:pt-0"
              >
                <td
                  class="flex flex-col justify-start break-keep pr-2.5 align-top"
                >
                  <h2
                    class="my-0 max-w-lg font-bold"
                  >
                    Whispers Under Ground
                  </h2>
                  <div
                    class="flex flex-col"
                  >
                    <div
                      class="text-sm"
                    >
                      Ben Aaronovitch
                    </div>
                    <div
                      class="order-last text-sm max-smaller:order-first"
                      title="Date Started"
                    >
                      16/02/2025
                    </div>
                  </div>
                </td>
                <td
                  class="align-top text-sm max-smaller:inline"
                >
                  Urban Fantasy
                </td>
                <td
                  class="align-top"
                >
                  <div
                    class="mx-auto h-5 w-5"
                  >
                    <img
                      alt="Currently Reading Icon"
                      data-nimg="1"
                      decoding="async"
                      height="20"
                      loading="lazy"
                      src="/animated-book-black.gif"
                      style="color: transparent;"
                      width="20"
                    />
                  </div>
                </td>
              </tr>
              <tr
                class="[&>td]:pt-10 [&>td]:first:pt-0"
              >
                <td
                  class="flex flex-col justify-start break-keep pr-2.5 align-top"
                >
                  <h2
                    class="my-0 max-w-lg font-bold"
                  >
                    Moon Over Soho
                  </h2>
                  <div
                    class="flex flex-col"
                  >
                    <div
                      class="text-sm"
                    >
                      Ben Aaronovitch
                    </div>
                    <div
                      class="order-last text-sm max-smaller:order-first"
                      title="Date Completed"
                    >
                      15/02/2025
                    </div>
                  </div>
                </td>
                <td
                  class="align-top text-sm max-smaller:inline"
                >
                  Urban Fantasy
                </td>
                <td
                  class="align-top"
                >
                  <div
                    class="mx-auto h-5 w-5"
                  >
                    <img
                      alt="Completed Book Icon"
                      data-nimg="1"
                      decoding="async"
                      height="20"
                      loading="lazy"
                      sizes="20px"
                      src="/_next/image?url=%2Fclipboard-checked-black.webp&w=3840&q=75"
                      srcset="/_next/image?url=%2Fclipboard-checked-black.webp&w=16&q=75 16w, /_next/image?url=%2Fclipboard-checked-black.webp&w=32&q=75 32w, /_next/image?url=%2Fclipboard-checked-black.webp&w=48&q=75 48w, /_next/image?url=%2Fclipboard-checked-black.webp&w=64&q=75 64w, /_next/image?url=%2Fclipboard-checked-black.webp&w=96&q=75 96w, /_next/image?url=%2Fclipboard-checked-black.webp&w=128&q=75 128w, /_next/image?url=%2Fclipboard-checked-black.webp&w=256&q=75 256w, /_next/image?url=%2Fclipboard-checked-black.webp&w=384&q=75 384w, /_next/image?url=%2Fclipboard-checked-black.webp&w=640&q=75 640w, /_next/image?url=%2Fclipboard-checked-black.webp&w=750&q=75 750w, /_next/image?url=%2Fclipboard-checked-black.webp&w=828&q=75 828w, /_next/image?url=%2Fclipboard-checked-black.webp&w=1080&q=75 1080w, /_next/image?url=%2Fclipboard-checked-black.webp&w=1200&q=75 1200w, /_next/image?url=%2Fclipboard-checked-black.webp&w=1920&q=75 1920w, /_next/image?url=%2Fclipboard-checked-black.webp&w=2048&q=75 2048w, /_next/image?url=%2Fclipboard-checked-black.webp&w=3840&q=75 3840w"
                      style="color: transparent;"
                      width="20"
                    />
                  </div>
                </td>
              </tr>
              <tr
                class="[&>td]:pt-10 [&>td]:first:pt-0"
              >
                <td
                  class="flex flex-col justify-start break-keep pr-2.5 align-top"
                >
                  <h2
                    class="my-0 max-w-lg font-bold"
                  >
                    Rivers of London
                  </h2>
                  <div
                    class="flex flex-col"
                  >
                    <div
                      class="text-sm"
                    >
                      Ben Aaronovitch
                    </div>
                    <div
                      class="order-last text-sm max-smaller:order-first"
                      title="Date Completed"
                    >
                      11/02/2025
                    </div>
                  </div>
                </td>
                <td
                  class="align-top text-sm max-smaller:inline"
                >
                  Urban Fantasy
                </td>
                <td
                  class="align-top"
                >
                  <div
                    class="mx-auto h-5 w-5"
                  >
                    <img
                      alt="Completed Book Icon"
                      data-nimg="1"
                      decoding="async"
                      height="20"
                      loading="lazy"
                      sizes="20px"
                      src="/_next/image?url=%2Fclipboard-checked-black.webp&w=3840&q=75"
                      srcset="/_next/image?url=%2Fclipboard-checked-black.webp&w=16&q=75 16w, /_next/image?url=%2Fclipboard-checked-black.webp&w=32&q=75 32w, /_next/image?url=%2Fclipboard-checked-black.webp&w=48&q=75 48w, /_next/image?url=%2Fclipboard-checked-black.webp&w=64&q=75 64w, /_next/image?url=%2Fclipboard-checked-black.webp&w=96&q=75 96w, /_next/image?url=%2Fclipboard-checked-black.webp&w=128&q=75 128w, /_next/image?url=%2Fclipboard-checked-black.webp&w=256&q=75 256w, /_next/image?url=%2Fclipboard-checked-black.webp&w=384&q=75 384w, /_next/image?url=%2Fclipboard-checked-black.webp&w=640&q=75 640w, /_next/image?url=%2Fclipboard-checked-black.webp&w=750&q=75 750w, /_next/image?url=%2Fclipboard-checked-black.webp&w=828&q=75 828w, /_next/image?url=%2Fclipboard-checked-black.webp&w=1080&q=75 1080w, /_next/image?url=%2Fclipboard-checked-black.webp&w=1200&q=75 1200w, /_next/image?url=%2Fclipboard-checked-black.webp&w=1920&q=75 1920w, /_next/image?url=%2Fclipboard-checked-black.webp&w=2048&q=75 2048w, /_next/image?url=%2Fclipboard-checked-black.webp&w=3840&q=75 3840w"
                      style="color: transparent;"
                      width="20"
                    />
                  </div>
                </td>
              </tr>
              <tr
                class="[&>td]:pt-10 [&>td]:first:pt-0"
              >
                <td
                  class="flex flex-col justify-start break-keep pr-2.5 align-top"
                >
                  <h2
                    class="my-0 max-w-lg font-bold"
                  >
                    The Adventures of Huckleberry Finn
                  </h2>
                  <div
                    class="flex flex-col"
                  >
                    <div
                      class="text-sm"
                    >
                      Mark Twain
                    </div>
                    <div
                      class="order-last text-sm max-smaller:order-first"
                      title="Date Completed"
                    >
                      09/02/2025
                    </div>
                  </div>
                </td>
                <td
                  class="align-top text-sm max-smaller:inline"
                >
                  Fiction
                </td>
                <td
                  class="align-top"
                >
                  <div
                    class="mx-auto h-5 w-5"
                  >
                    <img
                      alt="Completed Book Icon"
                      data-nimg="1"
                      decoding="async"
                      height="20"
                      loading="lazy"
                      sizes="20px"
                      src="/_next/image?url=%2Fclipboard-checked-black.webp&w=3840&q=75"
                      srcset="/_next/image?url=%2Fclipboard-checked-black.webp&w=16&q=75 16w, /_next/image?url=%2Fclipboard-checked-black.webp&w=32&q=75 32w, /_next/image?url=%2Fclipboard-checked-black.webp&w=48&q=75 48w, /_next/image?url=%2Fclipboard-checked-black.webp&w=64&q=75 64w, /_next/image?url=%2Fclipboard-checked-black.webp&w=96&q=75 96w, /_next/image?url=%2Fclipboard-checked-black.webp&w=128&q=75 128w, /_next/image?url=%2Fclipboard-checked-black.webp&w=256&q=75 256w, /_next/image?url=%2Fclipboard-checked-black.webp&w=384&q=75 384w, /_next/image?url=%2Fclipboard-checked-black.webp&w=640&q=75 640w, /_next/image?url=%2Fclipboard-checked-black.webp&w=750&q=75 750w, /_next/image?url=%2Fclipboard-checked-black.webp&w=828&q=75 828w, /_next/image?url=%2Fclipboard-checked-black.webp&w=1080&q=75 1080w, /_next/image?url=%2Fclipboard-checked-black.webp&w=1200&q=75 1200w, /_next/image?url=%2Fclipboard-checked-black.webp&w=1920&q=75 1920w, /_next/image?url=%2Fclipboard-checked-black.webp&w=2048&q=75 2048w, /_next/image?url=%2Fclipboard-checked-black.webp&w=3840&q=75 3840w"
                      style="color: transparent;"
                      width="20"
                    />
                  </div>
                </td>
              </tr>
            </tbody>
          </table>
        </div>
        <button
          aria-label="Show More Books"
          class="mx-auto mt-8 block w-fit rounded-md border px-2 py-1 hover:opacity-50"
        >
          Show More
        </button>
      </div>
    </section>
  </div>
</div>
`;
